#0 building with "desktop-linux" instance using docker driver

#1 [internal] load build definition from Dockerfile
#1 transferring dockerfile: 574B done
#1 DONE 0.0s

#2 [internal] load metadata for mcr.microsoft.com/dotnet/sdk:10.0-preview
#2 DONE 0.2s

#3 [internal] load .dockerignore
#3 transferring context: 2B done
#3 DONE 0.0s

#4 [build-env 1/5] FROM mcr.microsoft.com/dotnet/sdk:10.0-preview@sha256:1d5e6f2c1ece7d5826bafc8a7f2d54db2c6478a0f2bd1c995d05a37c0be4783e
#4 resolve mcr.microsoft.com/dotnet/sdk:10.0-preview@sha256:1d5e6f2c1ece7d5826bafc8a7f2d54db2c6478a0f2bd1c995d05a37c0be4783e done
#4 DONE 0.0s

#5 [internal] load build context
#5 transferring context: 169.23kB 0.1s done
#5 DONE 0.1s

#6 [build-env 2/5] WORKDIR /nzb-webdav
#6 CACHED

#7 [build-env 3/5] COPY ./ ./
#7 DONE 0.3s

#8 [build-env 4/5] RUN dotnet restore
#8 0.664   Determining projects to restore...
#8 4.573   Restored /nzb-webdav/Libs/UsenetSharp/UsenetSharp/UsenetSharp.csproj (in 3.01 sec).
#8 4.573   Restored /nzb-webdav/Libs/SharpCompress/src/SharpCompress/SharpCompress.csproj (in 3.01 sec).
#8 6.511   Restored /nzb-webdav/NzbWebDAV.csproj (in 4.94 sec).
#8 DONE 6.7s

#9 [build-env 5/5] RUN dotnet publish -c Release -r linux-musl-x64 -o ./publish
#9 0.598   Determining projects to restore...
#9 1.557   Restored /nzb-webdav/Libs/UsenetSharp/UsenetSharp/UsenetSharp.csproj (in 207 ms).
#9 1.557   Restored /nzb-webdav/Libs/SharpCompress/src/SharpCompress/SharpCompress.csproj (in 207 ms).
#9 1.977   Restored /nzb-webdav/NzbWebDAV.csproj (in 657 ms).
#9 2.066 /usr/share/dotnet/sdk/10.0.100-preview.7.25380.108/Sdks/Microsoft.NET.Sdk/targets/Microsoft.NET.RuntimeIdentifierInference.targets(345,5): message NETSDK1057: You are using a preview version of .NET. See: https://aka.ms/dotnet-support-policy [/nzb-webdav/NzbWebDAV.csproj]
#9 2.280 /usr/share/dotnet/sdk/10.0.100-preview.7.25380.108/Sdks/Microsoft.NET.Sdk/targets/Microsoft.NET.RuntimeIdentifierInference.targets(345,5): message NETSDK1057: You are using a preview version of .NET. See: https://aka.ms/dotnet-support-policy [/nzb-webdav/Libs/UsenetSharp/UsenetSharp/UsenetSharp.csproj]
#9 4.233 /nzb-webdav/Libs/UsenetSharp/UsenetSharp/Clients/UsenetClient.Helpers.cs(75,43): warning CS0168: The variable 'e' is declared but never used [/nzb-webdav/Libs/UsenetSharp/UsenetSharp/UsenetSharp.csproj]
#9 4.233 /nzb-webdav/Libs/UsenetSharp/UsenetSharp/Clients/UsenetClient.Helpers.cs(88,43): warning CS0168: The variable 'e' is declared but never used [/nzb-webdav/Libs/UsenetSharp/UsenetSharp/UsenetSharp.csproj]
#9 4.233 /nzb-webdav/Libs/UsenetSharp/UsenetSharp/Clients/UsenetClient.Helpers.cs(101,43): warning CS0168: The variable 'e' is declared but never used [/nzb-webdav/Libs/UsenetSharp/UsenetSharp/UsenetSharp.csproj]
#9 4.278   UsenetSharp -> /nzb-webdav/Libs/UsenetSharp/UsenetSharp/bin/Release/net10.0/UsenetSharp.dll
#9 4.382 /root/.nuget/packages/microsoft.build.tasks.git/8.0.0/build/Microsoft.Build.Tasks.Git.targets(25,5): warning : Unable to locate repository with working directory that contains directory '/nzb-webdav/Libs/SharpCompress/src/SharpCompress'. [/nzb-webdav/Libs/SharpCompress/src/SharpCompress/SharpCompress.csproj::TargetFramework=net10.0]
#9 4.406 /root/.nuget/packages/microsoft.sourcelink.common/8.0.0/build/Microsoft.SourceLink.Common.targets(53,5): warning : Source control information is not available - the generated source link is empty. [/nzb-webdav/Libs/SharpCompress/src/SharpCompress/SharpCompress.csproj::TargetFramework=net10.0]
#9 10.84   SharpCompress -> /nzb-webdav/Libs/SharpCompress/src/SharpCompress/bin/Release/net10.0/SharpCompress.dll
#9 12.17 CSC : warning CS8785: Generator 'MemoryPackGenerator' failed to generate source. It will not contribute to the output and compilation errors may occur as a result. Exception was of type 'ArgumentException' with message 'The hintName 'NzbWebDAV.Database.BlobStoreCompat.UpstreamDavNzbFile.MemoryPackFormatter.g.cs' of the added source file must be unique within a generator. (Parameter 'hintName')'. [/nzb-webdav/NzbWebDAV.csproj]
#9 12.17 /nzb-webdav/Database/BlobStoreCompat/BlobStoreReader.cs(11,23): error CS0101: The namespace 'NzbWebDAV.Database.BlobStoreCompat' already contains a definition for 'BlobStoreReader' [/nzb-webdav/NzbWebDAV.csproj]
#9 12.17 /nzb-webdav/Database/BlobStoreCompat/UpstreamBlobModels.cs(66,25): error CS0261: Partial declarations of 'UpstreamLongRange' must be all classes, all record classes, all structs, all record structs, or all interfaces [/nzb-webdav/NzbWebDAV.csproj]
#9 12.17 /nzb-webdav/Database/BlobStoreCompat/BlobStoreReader.cs(23,26): error CS0111: Type 'BlobStoreReader' already defines a member called 'GetBlobPath' with the same parameter types [/nzb-webdav/NzbWebDAV.csproj]
#9 12.17 /nzb-webdav/Database/BlobStoreCompat/BlobStoreReader.cs(100,34): error CS0111: Type 'BlobStoreReader' already defines a member called 'TryReadAsync' with the same parameter types [/nzb-webdav/NzbWebDAV.csproj]
#9 12.17 /nzb-webdav/Database/BlobStoreCompat/UpstreamBlobModels.cs(25,2): error CS0579: Duplicate 'MemoryPackable' attribute [/nzb-webdav/NzbWebDAV.csproj]
#9 12.17 /nzb-webdav/Database/BlobStoreCompat/UpstreamBlobModels.cs(28,38): error CS0102: The type 'UpstreamDavRarFile' already contains a definition for 'Id' [/nzb-webdav/NzbWebDAV.csproj]
#9 12.17 /nzb-webdav/Database/BlobStoreCompat/UpstreamBlobModels.cs(29,51): error CS0102: The type 'UpstreamDavRarFile' already contains a definition for 'RarParts' [/nzb-webdav/NzbWebDAV.csproj]
#9 12.17 /nzb-webdav/Database/BlobStoreCompat/UpstreamBlobModels.cs(18,2): error CS0579: Duplicate 'MemoryPackable' attribute [/nzb-webdav/NzbWebDAV.csproj]
#9 12.17 /nzb-webdav/Database/BlobStoreCompat/UpstreamBlobModels.cs(21,38): error CS0102: The type 'UpstreamDavNzbFile' already contains a definition for 'Id' [/nzb-webdav/NzbWebDAV.csproj]
#9 12.17 /nzb-webdav/Database/BlobStoreCompat/UpstreamBlobModels.cs(22,42): error CS0102: The type 'UpstreamDavNzbFile' already contains a definition for 'SegmentIds' [/nzb-webdav/NzbWebDAV.csproj]
#9 12.17 /nzb-webdav/Database/BlobStoreCompat/UpstreamBlobModels.cs(32,2): error CS0579: Duplicate 'MemoryPackable' attribute [/nzb-webdav/NzbWebDAV.csproj]
#9 12.17 /nzb-webdav/Database/BlobStoreCompat/UpstreamBlobModels.cs(41,2): error CS0579: Duplicate 'MemoryPackable' attribute [/nzb-webdav/NzbWebDAV.csproj]
#9 12.17 /nzb-webdav/Database/BlobStoreCompat/UpstreamBlobModels.cs(35,42): error CS0102: The type 'UpstreamRarPart' already contains a definition for 'SegmentIds' [/nzb-webdav/NzbWebDAV.csproj]
#9 12.17 /nzb-webdav/Database/BlobStoreCompat/UpstreamBlobModels.cs(36,38): error CS0102: The type 'UpstreamRarPart' already contains a definition for 'PartSize' [/nzb-webdav/NzbWebDAV.csproj]
#9 12.17 /nzb-webdav/Database/BlobStoreCompat/UpstreamBlobModels.cs(37,38): error CS0102: The type 'UpstreamRarPart' already contains a definition for 'Offset' [/nzb-webdav/NzbWebDAV.csproj]
#9 12.17 /nzb-webdav/Database/BlobStoreCompat/UpstreamBlobModels.cs(38,38): error CS0102: The type 'UpstreamRarPart' already contains a definition for 'ByteCount' [/nzb-webdav/NzbWebDAV.csproj]
#9 12.17 /nzb-webdav/Database/BlobStoreCompat/UpstreamBlobModels.cs(44,38): error CS0102: The type 'UpstreamDavMultipartFile' already contains a definition for 'Id' [/nzb-webdav/NzbWebDAV.csproj]
#9 12.17 /nzb-webdav/Database/BlobStoreCompat/UpstreamBlobModels.cs(45,55): error CS0102: The type 'UpstreamDavMultipartFile' already contains a definition for 'Metadata' [/nzb-webdav/NzbWebDAV.csproj]
#9 12.17 /nzb-webdav/Database/BlobStoreCompat/UpstreamBlobModels.cs(48,2): error CS0579: Duplicate 'MemoryPackable' attribute [/nzb-webdav/NzbWebDAV.csproj]
#9 12.17 /nzb-webdav/Database/BlobStoreCompat/UpstreamBlobModels.cs(51,52): error CS0102: The type 'UpstreamMultipartMeta' already contains a definition for 'AesParams' [/nzb-webdav/NzbWebDAV.csproj]
#9 12.17 /nzb-webdav/Database/BlobStoreCompat/UpstreamBlobModels.cs(52,52): error CS0102: The type 'UpstreamMultipartMeta' already contains a definition for 'FileParts' [/nzb-webdav/NzbWebDAV.csproj]
#9 12.17 /nzb-webdav/Database/BlobStoreCompat/UpstreamBlobModels.cs(55,2): error CS0579: Duplicate 'MemoryPackable' attribute [/nzb-webdav/NzbWebDAV.csproj]
#9 12.17 /nzb-webdav/Database/BlobStoreCompat/UpstreamBlobModels.cs(58,42): error CS0102: The type 'UpstreamFilePart' already contains a definition for 'SegmentIds' [/nzb-webdav/NzbWebDAV.csproj]
#9 12.17 /nzb-webdav/Database/BlobStoreCompat/UpstreamBlobModels.cs(59,51): error CS0102: The type 'UpstreamFilePart' already contains a definition for 'SegmentIdByteRange' [/nzb-webdav/NzbWebDAV.csproj]
#9 12.17 /nzb-webdav/Database/BlobStoreCompat/UpstreamBlobModels.cs(60,51): error CS0102: The type 'UpstreamFilePart' already contains a definition for 'FilePartByteRange' [/nzb-webdav/NzbWebDAV.csproj]
#9 12.17 /nzb-webdav/Database/BlobStoreCompat/UpstreamBlobModels.cs(72,2): error CS0579: Duplicate 'MemoryPackable' attribute [/nzb-webdav/NzbWebDAV.csproj]
#9 12.17 /nzb-webdav/Database/BlobStoreCompat/UpstreamBlobModels.cs(75,38): error CS0102: The type 'UpstreamAesParams' already contains a definition for 'DecodedSize' [/nzb-webdav/NzbWebDAV.csproj]
#9 12.17 /nzb-webdav/Database/BlobStoreCompat/UpstreamBlobModels.cs(76,40): error CS0102: The type 'UpstreamAesParams' already contains a definition for 'Iv' [/nzb-webdav/NzbWebDAV.csproj]
#9 12.17 /nzb-webdav/Database/BlobStoreCompat/UpstreamBlobModels.cs(77,40): error CS0102: The type 'UpstreamAesParams' already contains a definition for 'Key' [/nzb-webdav/NzbWebDAV.csproj]
#9 12.17 /nzb-webdav/Api/SabControllers/AddUrl/AddUrlRequest.cs(18,45): warning CS0108: 'AddUrlRequest.New(HttpContext, ConfigManager)' hides inherited member 'AddFileRequest.New(HttpContext, ConfigManager)'. Use the new keyword if hiding was intended. [/nzb-webdav/NzbWebDAV.csproj]
#9 12.17 /nzb-webdav/Par2Recovery/Par2.cs(31,56): warning CS8425: Async-iterator 'Par2.ReadFileDescriptions(Stream, CancellationToken, int?)' has one or more parameters of type 'CancellationToken' but none of them is decorated with the 'EnumeratorCancellation' attribute, so the cancellation token parameter from the generated 'IAsyncEnumerable<>.GetAsyncEnumerator' will be unconsumed [/nzb-webdav/NzbWebDAV.csproj]
#9 12.17 /nzb-webdav/Clients/Usenet/Connections/ConnectionPool.cs(62,82): warning CS8714: The type 'T' cannot be used as type parameter 'TKey' in the generic type or method 'ConcurrentDictionary<TKey, TValue>'. Nullability of type argument 'T' doesn't match 'notnull' constraint. [/nzb-webdav/NzbWebDAV.csproj]
#9 12.17 /nzb-webdav/WebDav/Base/BaseStoreCollection.cs(49,47): warning CS8425: Async-iterator 'BaseStoreCollection.GetItemsAsync(CancellationToken)' has one or more parameters of type 'CancellationToken' but none of them is decorated with the 'EnumeratorCancellation' attribute, so the cancellation token parameter from the generated 'IAsyncEnumerable<>.GetAsyncEnumerator' will be unconsumed [/nzb-webdav/NzbWebDAV.csproj]
#9 ERROR: process "/bin/sh -c dotnet publish -c Release -r linux-musl-x64 -o ./publish" did not complete successfully: exit code: 1
------
 > [build-env 5/5] RUN dotnet publish -c Release -r linux-musl-x64 -o ./publish:
12.17 /nzb-webdav/Database/BlobStoreCompat/UpstreamBlobModels.cs(59,51): error CS0102: The type 'UpstreamFilePart' already contains a definition for 'SegmentIdByteRange' [/nzb-webdav/NzbWebDAV.csproj]
12.17 /nzb-webdav/Database/BlobStoreCompat/UpstreamBlobModels.cs(60,51): error CS0102: The type 'UpstreamFilePart' already contains a definition for 'FilePartByteRange' [/nzb-webdav/NzbWebDAV.csproj]
12.17 /nzb-webdav/Database/BlobStoreCompat/UpstreamBlobModels.cs(72,2): error CS0579: Duplicate 'MemoryPackable' attribute [/nzb-webdav/NzbWebDAV.csproj]
12.17 /nzb-webdav/Database/BlobStoreCompat/UpstreamBlobModels.cs(75,38): error CS0102: The type 'UpstreamAesParams' already contains a definition for 'DecodedSize' [/nzb-webdav/NzbWebDAV.csproj]
12.17 /nzb-webdav/Database/BlobStoreCompat/UpstreamBlobModels.cs(76,40): error CS0102: The type 'UpstreamAesParams' already contains a definition for 'Iv' [/nzb-webdav/NzbWebDAV.csproj]
12.17 /nzb-webdav/Database/BlobStoreCompat/UpstreamBlobModels.cs(77,40): error CS0102: The type 'UpstreamAesParams' already contains a definition for 'Key' [/nzb-webdav/NzbWebDAV.csproj]
12.17 /nzb-webdav/Api/SabControllers/AddUrl/AddUrlRequest.cs(18,45): warning CS0108: 'AddUrlRequest.New(HttpContext, ConfigManager)' hides inherited member 'AddFileRequest.New(HttpContext, ConfigManager)'. Use the new keyword if hiding was intended. [/nzb-webdav/NzbWebDAV.csproj]
12.17 /nzb-webdav/Par2Recovery/Par2.cs(31,56): warning CS8425: Async-iterator 'Par2.ReadFileDescriptions(Stream, CancellationToken, int?)' has one or more parameters of type 'CancellationToken' but none of them is decorated with the 'EnumeratorCancellation' attribute, so the cancellation token parameter from the generated 'IAsyncEnumerable<>.GetAsyncEnumerator' will be unconsumed [/nzb-webdav/NzbWebDAV.csproj]
12.17 /nzb-webdav/Clients/Usenet/Connections/ConnectionPool.cs(62,82): warning CS8714: The type 'T' cannot be used as type parameter 'TKey' in the generic type or method 'ConcurrentDictionary<TKey, TValue>'. Nullability of type argument 'T' doesn't match 'notnull' constraint. [/nzb-webdav/NzbWebDAV.csproj]
12.17 /nzb-webdav/WebDav/Base/BaseStoreCollection.cs(49,47): warning CS8425: Async-iterator 'BaseStoreCollection.GetItemsAsync(CancellationToken)' has one or more parameters of type 'CancellationToken' but none of them is decorated with the 'EnumeratorCancellation' attribute, so the cancellation token parameter from the generated 'IAsyncEnumerable<>.GetAsyncEnumerator' will be unconsumed [/nzb-webdav/NzbWebDAV.csproj]
------
Dockerfile:6
--------------------
   4 |     COPY ./ ./
   5 |     RUN dotnet restore
   6 | >>> RUN dotnet publish -c Release -r linux-musl-x64 -o ./publish
   7 |     
   8 |     # Build the production image
--------------------
ERROR: failed to build: failed to solve: process "/bin/sh -c dotnet publish -c Release -r linux-musl-x64 -o ./publish" did not complete successfully: exit code: 1
